
> clean-app-server@0.1.0 test
> jest --runInBand bot-message-xss-prevention.test.ts

  console.log
    ≡ƒöº Loading admin.auth.controller.ts...

      at Object.<anonymous> (src/controllers/admin.auth.controller.ts:9:9)

  console.log
    ≡ƒöº Loading admin.auth.routes.ts...

      at Object.<anonymous> (src/routes/admin.auth.routes.ts:6:9)

  console.log
    ≡ƒöº Admin route registered: POST /login (with rate limiting)

      at Object.<anonymous> (src/routes/admin.auth.routes.ts:13:9)

  console.log
    ≡ƒöº Admin route registered: POST /logout

      at Object.<anonymous> (src/routes/admin.auth.routes.ts:16:9)

  console.log
    ≡ƒöº Admin route registered: POST /refresh

      at Object.<anonymous> (src/routes/admin.auth.routes.ts:19:9)

  console.log
    ≡ƒöº Admin route registered: GET /me (protected)

      at Object.<anonymous> (src/routes/admin.auth.routes.ts:23:9)

  console.log
    ≡ƒöº Admin route registered: PATCH /profile (protected)

      at Object.<anonymous> (src/routes/admin.auth.routes.ts:26:9)

  console.log
    Γ£à Admin auth routes module loaded successfully

      at Object.<anonymous> (src/routes/admin.auth.routes.ts:28:9)

  console.log
    Γ£à Cloudinary initialized successfully

      at initializeCloudinary (src/config/cloudinary.config.ts:63:17)

  console.log
       Cloud Name: djeguy5v5

      at initializeCloudinary (src/config/cloudinary.config.ts:64:17)

  console.log
    ≡ƒöº Loading admin.user.controller.ts...

      at Object.<anonymous> (src/controllers/admin.user.controller.ts:7:9)

  console.log
    ≡ƒöº Loading admin.user.routes.ts...

      at Object.<anonymous> (src/routes/admin.user.routes.ts:13:9)

  console.log
    ≡ƒöº Admin user route registered: GET /statistics

      at Object.<anonymous> (src/routes/admin.user.routes.ts:27:9)

  console.log
    ≡ƒöº Admin user route registered: GET /

      at Object.<anonymous> (src/routes/admin.user.routes.ts:31:9)

  console.log
    ≡ƒöº Admin user route registered: GET /:id

      at Object.<anonymous> (src/routes/admin.user.routes.ts:35:9)

  console.log
    ≡ƒöº Admin user route registered: POST / (with strict rate limiting)

      at Object.<anonymous> (src/routes/admin.user.routes.ts:39:9)

  console.log
    ≡ƒöº Admin user route registered: PUT /:id

      at Object.<anonymous> (src/routes/admin.user.routes.ts:43:9)

  console.log
    ≡ƒöº Admin user route registered: PATCH /:id/status (with strict rate limiting)

      at Object.<anonymous> (src/routes/admin.user.routes.ts:47:9)

  console.log
    ≡ƒöº Admin user route registered: PUT /:id/permissions (with strict rate limiting)

      at Object.<anonymous> (src/routes/admin.user.routes.ts:52:9)

  console.log
    ≡ƒöº Admin user route registered: DELETE /:id

      at Object.<anonymous> (src/routes/admin.user.routes.ts:56:9)

  console.log
    ≡ƒöº Admin user route registered: POST /bulk-delete

      at Object.<anonymous> (src/routes/admin.user.routes.ts:61:9)

  console.log
    ≡ƒöº Admin user route registered: GET /:id/complaints

      at Object.<anonymous> (src/routes/admin.user.routes.ts:66:9)

  console.log
    ≡ƒöº Admin user route registered: POST /:id/zones (Master Admin only)

      at Object.<anonymous> (src/routes/admin.user.routes.ts:78:9)

  console.log
    ≡ƒöº Admin user route registered: GET /:id/zones

      at Object.<anonymous> (src/routes/admin.user.routes.ts:82:9)

  console.log
    ≡ƒöº Admin user route registered: PUT /:id/zones (Master Admin only)

      at Object.<anonymous> (src/routes/admin.user.routes.ts:86:9)

  console.log
    ≡ƒöº Admin user route registered: DELETE /:id/zones/:zoneId (Master Admin only)

      at Object.<anonymous> (src/routes/admin.user.routes.ts:90:9)

  console.log
    ≡ƒöº Admin user route registered: POST /:id/change-password (Authenticated users)

      at Object.<anonymous> (src/routes/admin.user.routes.ts:95:9)

  console.log
    Γ£à Admin user routes module loaded successfully

      at Object.<anonymous> (src/routes/admin.user.routes.ts:97:9)

  console.log
    ≡ƒöº Loading admin.complaint.routes.ts...

      at Object.<anonymous> (src/routes/admin.complaint.routes.ts:16:9)

  console.log
    ≡ƒöº Admin complaint route registered: GET /stats/by-zone

      at Object.<anonymous> (src/routes/admin.complaint.routes.ts:26:9)

  console.log
    ≡ƒöº Admin complaint route registered: GET /stats/by-ward

      at Object.<anonymous> (src/routes/admin.complaint.routes.ts:30:9)

  console.log
    ≡ƒöº Admin complaint route registered: GET /analytics/others

      at Object.<anonymous> (src/routes/admin.complaint.routes.ts:34:9)

  console.log
    ≡ƒöº Admin complaint route registered: GET /

      at Object.<anonymous> (src/routes/admin.complaint.routes.ts:38:9)

  console.log
    ≡ƒöº Admin complaint route registered: GET /:id

      at Object.<anonymous> (src/routes/admin.complaint.routes.ts:42:9)

  console.log
    ≡ƒöº Admin complaint route registered: PATCH /:id/mark-others

      at Object.<anonymous> (src/routes/admin.complaint.routes.ts:46:9)

  console.log
    ≡ƒöº Admin complaint route registered: PATCH /:id/status (with file upload)

      at Object.<anonymous> (src/routes/admin.complaint.routes.ts:50:9)

  console.log
    ≡ƒöº Admin complaint route registered: PATCH /:id/audio-urls (Master Admin only)

      at Object.<anonymous> (src/routes/admin.complaint.routes.ts:54:9)

  console.log
    Γ£à Admin complaint routes module loaded successfully

      at Object.<anonymous> (src/routes/admin.complaint.routes.ts:58:9)

  console.log
    ≡ƒöº Loading admin.analytics.routes.ts...

      at Object.<anonymous> (src/routes/admin.analytics.routes.ts:10:9)

  console.log
    ≡ƒöº Admin analytics route registered: GET /

      at Object.<anonymous> (src/routes/admin.analytics.routes.ts:20:9)

  console.log
    ≡ƒöº Admin analytics route registered: GET /trends

      at Object.<anonymous> (src/routes/admin.analytics.routes.ts:24:9)

  console.log
    ≡ƒöº Admin analytics route registered: GET /categories

      at Object.<anonymous> (src/routes/admin.analytics.routes.ts:28:9)

  console.log
    ≡ƒöº Admin analytics route registered: GET /categories/trends

      at Object.<anonymous> (src/routes/admin.analytics.routes.ts:32:9)

  console.log
    Γ£à Admin analytics routes module loaded successfully

      at Object.<anonymous> (src/routes/admin.analytics.routes.ts:34:9)

  console.log
    ≡ƒöº Loading admin.chat.routes.ts...

      at Object.<anonymous> (src/routes/admin.chat.routes.ts:12:9)

  console.log
    ≡ƒöº Admin chat route registered: GET /

      at Object.<anonymous> (src/routes/admin.chat.routes.ts:22:9)

  console.log
    ≡ƒöº Admin chat route registered: GET /statistics

      at Object.<anonymous> (src/routes/admin.chat.routes.ts:26:9)

  console.log
    ≡ƒöº Admin chat route registered: GET /:complaintId

      at Object.<anonymous> (src/routes/admin.chat.routes.ts:30:9)

  console.log
    ≡ƒöº Admin chat route registered: POST /:complaintId (with image upload)

      at Object.<anonymous> (src/routes/admin.chat.routes.ts:34:9)

  console.log
    ≡ƒöº Admin chat route registered: PATCH /:complaintId/read

      at Object.<anonymous> (src/routes/admin.chat.routes.ts:38:9)

  console.log
    Γ£à Admin chat routes module loaded successfully

      at Object.<anonymous> (src/routes/admin.chat.routes.ts:40:9)

  console.log
    ≡ƒöº Loading admin.activity-log.controller.ts...

      at Object.<anonymous> (src/controllers/admin.activity-log.controller.ts:6:9)

  console.log
    ≡ƒöº Loading admin.activity-log.routes.ts...

      at Object.<anonymous> (src/routes/admin.activity-log.routes.ts:8:9)

  console.log
    ≡ƒöº Admin activity log route registered: GET /

      at Object.<anonymous> (src/routes/admin.activity-log.routes.ts:18:9)

  console.log
    ≡ƒöº Admin activity log route registered: GET /export

      at Object.<anonymous> (src/routes/admin.activity-log.routes.ts:22:9)

  console.log
    Γ£à Admin activity log routes module loaded successfully

      at Object.<anonymous> (src/routes/admin.activity-log.routes.ts:24:9)

  console.log
    ≡ƒöº Admin panel path: F:\claen_app_bangladesh\clean-care-admin\dist

      at Object.<anonymous> (src/app.ts:110:9)

  console.log
    Γ£à Admin panel directory exists

      at Object.<anonymous> (src/app.ts:116:13)

  console.log
    ≡ƒôé Files in admin panel directory: [
      'assets',
      'index.html',
      'logo_clean_c.png',
      'profile.svg',
      'vite.svg'
    ]

      at Object.<anonymous> (src/app.ts:118:13)

  console.log
    Γ£à Admin panel served at /admin

      at Object.<anonymous> (src/app.ts:139:9)

  console.log
    Γ£à Regular auth routes registered at /api/auth

      at Object.<anonymous> (src/app.ts:143:9)

  console.log
    Γ£à User routes registered at /api/users

      at Object.<anonymous> (src/app.ts:146:9)

  console.log
    Γ£à Review routes registered at /api/complaints/:complaintId/review(s)

      at Object.<anonymous> (src/app.ts:151:9)

  console.log
    Γ£à Complaint routes registered at /api/complaints

      at Object.<anonymous> (src/app.ts:154:9)

  console.log
    Γ£à Upload routes registered at /api/uploads

      at Object.<anonymous> (src/app.ts:157:9)

  console.log
    Γ£à Notification routes registered at /api/notifications

      at Object.<anonymous> (src/app.ts:160:9)

  console.log
    Γ£à Live chat routes registered at /api/live-chat

      at Object.<anonymous> (src/app.ts:163:9)

  console.log
    Γ£à Admin auth routes registered at /api/admin/auth

      at Object.<anonymous> (src/app.ts:166:9)

  console.log
    Γ£à Admin user routes registered at /api/admin/users

      at Object.<anonymous> (src/app.ts:169:9)

  console.log
    Γ£à Admin complaint routes registered at /api/admin/complaints

      at Object.<anonymous> (src/app.ts:172:9)

  console.log
    Γ£à Admin review analytics routes registered at /api/admin/complaints/analytics/reviews

      at Object.<anonymous> (src/app.ts:175:9)

  console.log
    Γ£à Admin analytics routes registered at /api/admin/analytics

      at Object.<anonymous> (src/app.ts:178:9)

  console.log
    Γ£à Admin chat routes registered at /api/admin/chat

      at Object.<anonymous> (src/app.ts:186:9)

  console.log
    Γ£à Admin direct message routes registered at /api/admin/direct-chat

      at Object.<anonymous> (src/app.ts:189:9)

  console.log
    Γ£à Admin live chat routes registered at /api/admin/live-chat

      at Object.<anonymous> (src/app.ts:192:9)

  console.log
    Γ£à Admin activity log routes registered at /api/admin/activity-logs

      at Object.<anonymous> (src/app.ts:195:9)

  console.log
    Γ£à Bot message routes registered at /api/admin/bot-messages

      at Object.<anonymous> (src/app.ts:198:9)

  console.log
    Γ£à Public bot message routes registered at /api/bot-messages

      at Object.<anonymous> (src/app.ts:201:9)

  console.log
    Γ£à Admin system config routes registered at /api/admin/config

      at Object.<anonymous> (src/app.ts:207:9)

  console.log
    Γ£à App system config routes registered at /api/config

      at Object.<anonymous> (src/app.ts:210:9)

  console.log
    Γ£à Dashboard routes registered at /api/dashboard

      at Object.<anonymous> (src/app.ts:213:9)

  console.log
    Γ£à Admin dashboard routes registered at /api/admin/dashboard

      at Object.<anonymous> (src/app.ts:216:9)

  console.log
    Γ£à Category routes registered at /api/categories

      at Object.<anonymous> (src/app.ts:219:9)

  console.log
    Γ£à City Corporation routes registered at /api/admin/city-corporations

      at Object.<anonymous> (src/app.ts:222:9)

  console.log
    Γ£à Public City Corporation routes registered at /api/city-corporations

      at Object.<anonymous> (src/app.ts:225:9)

  console.log
    Γ£à Zone routes registered at /api/admin/zones

      at Object.<anonymous> (src/app.ts:231:9)

  console.log
    Γ£à Public Zone routes registered at /api/zones

      at Object.<anonymous> (src/app.ts:234:9)

  console.log
    Γ£à Ward routes registered at /api/admin/wards

      at Object.<anonymous> (src/app.ts:237:9)

  console.log
    Γ£à Public Ward routes registered at /api/wards

      at Object.<anonymous> (src/app.ts:240:9)

  console.log
    Γ£à Admin test route added at /api/admin/test

      at Object.<anonymous> (src/app.ts:249:9)

  console.log
    [2026-01-25T09:58:06.950Z] POST /api/admin/bot-messages | Origin: undefined

      at src/app.ts:63:11

  console.log
    [2026-01-25T09:58:09.952Z] POST /api/admin/bot-messages | Origin: undefined

      at src/app.ts:63:11

  console.log
    [2026-01-25T09:58:09.965Z] POST /api/admin/bot-messages | Origin: undefined

      at src/app.ts:63:11

  console.log
    [2026-01-25T09:58:11.744Z] POST /api/admin/bot-messages | Origin: undefined

      at src/app.ts:63:11

  console.log
    [2026-01-25T09:58:11.753Z] POST /api/admin/bot-messages | Origin: undefined

      at src/app.ts:63:11

  console.log
    [2026-01-25T09:58:11.762Z] POST /api/admin/bot-messages | Origin: undefined

      at src/app.ts:63:11

  console.log
    [2026-01-25T09:58:12.948Z] POST /api/admin/bot-messages | Origin: undefined

      at src/app.ts:63:11

  console.log
    [2026-01-25T09:58:14.089Z] POST /api/admin/bot-messages | Origin: undefined

      at src/app.ts:63:11

  console.log
    [2026-01-25T09:58:15.285Z] POST /api/admin/bot-messages | Origin: undefined

      at src/app.ts:63:11

  console.log
    [2026-01-25T09:58:15.294Z] POST /api/admin/bot-messages | Origin: undefined

      at src/app.ts:63:11

  console.log
    [2026-01-25T09:58:15.304Z] POST /api/admin/bot-messages | Origin: undefined

      at src/app.ts:63:11

  console.log
    [2026-01-25T09:58:15.311Z] POST /api/admin/bot-messages | Origin: undefined

      at src/app.ts:63:11

  console.log
    [2026-01-25T09:58:16.984Z] POST /api/admin/bot-messages | Origin: undefined

      at src/app.ts:63:11

  console.log
    [2026-01-25T09:58:19.897Z] PUT /api/admin/bot-messages/370 | Origin: undefined

      at src/app.ts:63:11

  console.log
    [2026-01-25T09:58:21.921Z] PUT /api/admin/bot-messages/370 | Origin: undefined

      at src/app.ts:63:11

  console.log
    [2026-01-25T09:58:23.634Z] POST /api/admin/bot-messages | Origin: undefined

      at src/app.ts:63:11

  console.log
    [2026-01-25T09:58:25.111Z] POST /api/admin/bot-messages | Origin: undefined

      at src/app.ts:63:11

  console.log
    [2026-01-25T09:58:26.199Z] POST /api/admin/bot-messages | Origin: undefined

      at src/app.ts:63:11

  console.log
    [2026-01-25T09:58:27.293Z] POST /api/admin/bot-messages | Origin: undefined

      at src/app.ts:63:11

  console.log
    [2026-01-25T09:58:27.301Z] POST /api/admin/bot-messages | Origin: undefined

      at src/app.ts:63:11

  console.log
    [2026-01-25T09:58:27.310Z] POST /api/admin/bot-messages | Origin: undefined

      at src/app.ts:63:11

  console.log
    [2026-01-25T09:58:28.388Z] POST /api/admin/bot-messages | Origin: undefined

      at src/app.ts:63:11

  console.log
    [2026-01-25T09:58:29.447Z] POST /api/admin/bot-messages | Origin: undefined

      at src/app.ts:63:11

  console.log
    [2026-01-25T09:58:31.814Z] GET /api/bot-messages/LIVE_CHAT | Origin: undefined

      at src/app.ts:63:11

node.exe : FAIL tests/security/bot-message-xss-prevention.test.ts (43.543 s)
At C:\Program Files\nodejs\npm.ps1:29 char:3
+   & $NODE_EXE $NPM_CLI_JS $args
+   ~~~~~~~~~~~~~~~~~~~~~~~~~~~~~
    + CategoryInfo          : NotSpecified: (FAIL tests/secu...t.ts (43.543 s):Strin 
   g) [], RemoteException
    + FullyQualifiedErrorId : NativeCommandError
 
  Bot Message XSS Prevention
    1. Script Tag Injection Prevention
      ΓêÜ should sanitize <script> tags in message content (3014 ms)
      ├ù should sanitize inline script tags (13 ms)
    2. Event Handler Injection Prevention
      ΓêÜ should sanitize onclick event handlers (1780 ms)
      ├ù should sanitize onerror event handlers (8 ms)
      ├ù should sanitize onload event handlers (9 ms)
    3. JavaScript Protocol Injection Prevention
      ΓêÜ should sanitize javascript: protocol in links (1186 ms)
      ΓêÜ should sanitize data: protocol with HTML (1141 ms)
      ΓêÜ should sanitize vbscript: protocol (1195 ms)
    4. HTML Tag Injection Prevention
      ├ù should sanitize iframe tags (9 ms)
      ├ù should sanitize embed tags (9 ms)
      ├ù should sanitize object tags (7 ms)
    5. Eval and Expression Injection Prevention
      ΓêÜ should sanitize eval() calls (1672 ms)
      ΓêÜ should sanitize CSS expressions (1215 ms)
    6. Update Operation XSS Prevention
      ΓêÜ should sanitize XSS in update content (2026 ms)
      ΓêÜ should sanitize XSS in Bangla content update (1713 ms)
    7. Bangla Content XSS Prevention
      ΓêÜ should sanitize XSS in Bangla content (1477 ms)
      ΓêÜ should preserve Bangla Unicode characters (1088 ms)
    8. Complex XSS Attack Vectors
      ΓêÜ should sanitize encoded script tags (1093 ms)
      ├ù should sanitize SVG-based XSS (7 ms)
      ├ù should sanitize meta refresh XSS (8 ms)
    9. Safe Content Preservation
      ΓêÜ should preserve safe text content (1079 ms)
      ΓêÜ should preserve numbers and special characters (1059 ms)
      ΓêÜ should preserve punctuation and formatting (1063 ms)
    10. Sanitization Function Unit Tests
      ΓêÜ should remove script tags
      ΓêÜ should remove event handlers
      ΓêÜ should remove javascript: protocol
      ΓêÜ should remove eval calls
      ΓêÜ should preserve safe text
      ΓêÜ should trim whitespace
    11. Public API XSS Prevention
      ├ù should sanitize content in public bot messages endpoint (2367 ms)

  ΓùÅ Bot Message XSS Prevention ΓÇ║ 1. Script Tag Injection Prevention ΓÇ║ should 
sanitize inline script tags

    expect(received).toBe(expected) // Object.is equality

    Expected: 201
    Received: 400

    [0m [90m 105 |[39m                 })[33m;[39m
     [90m 106 |[39m
    [31m[1m>[22m[39m[90m 107 |[39m             
expect(response[33m.[39mstatus)[33m.[39mtoBe([35m201[39m)[33m;[39m
     [90m     |[39m                                     [31m[1m^[22m[39m
     [90m 108 |[39m             [36mconst[39m sanitized [33m=[39m 
response[33m.[39mbody[33m.[39mdata[33m.[39mcontent[33m;[39m
     [90m 109 |[39m             
expect(sanitized)[33m.[39mnot[33m.[39mtoContain([32m'<script'[39m)[33m;[39m
     [90m 110 |[39m             expect(sanitized)[33m.[39mnot[33m.[39mtoContain
([32m'document.cookie'[39m)[33m;[39m[0m

      at Object.<anonymous> 
(tests/security/bot-message-xss-prevention.test.ts:107:37)

  ΓùÅ Bot Message XSS Prevention ΓÇ║ 2. Event Handler Injection Prevention ΓÇ║ 
should sanitize onerror event handlers

    expect(received).toBe(expected) // Object.is equality

    Expected: 201
    Received: 400

    [0m [90m 149 |[39m                 })[33m;[39m
     [90m 150 |[39m
    [31m[1m>[22m[39m[90m 151 |[39m             
expect(response[33m.[39mstatus)[33m.[39mtoBe([35m201[39m)[33m;[39m
     [90m     |[39m                                     [31m[1m^[22m[39m
     [90m 152 |[39m             [36mconst[39m sanitized [33m=[39m 
response[33m.[39mbody[33m.[39mdata[33m.[39mcontent[33m;[39m
     [90m 153 |[39m             
expect(sanitized)[33m.[39mnot[33m.[39mtoContain([32m'onerror='[39m)[33m;[39m
     [90m 154 |[39m         })[33m;[39m[0m

      at Object.<anonymous> 
(tests/security/bot-message-xss-prevention.test.ts:151:37)

  ΓùÅ Bot Message XSS Prevention ΓÇ║ 2. Event Handler Injection Prevention ΓÇ║ 
should sanitize onload event handlers

    expect(received).toBe(expected) // Object.is equality

    Expected: 201
    Received: 400

    [0m [90m 169 |[39m                 })[33m;[39m
     [90m 170 |[39m
    [31m[1m>[22m[39m[90m 171 |[39m             
expect(response[33m.[39mstatus)[33m.[39mtoBe([35m201[39m)[33m;[39m
     [90m     |[39m                                     [31m[1m^[22m[39m
     [90m 172 |[39m             [36mconst[39m sanitized [33m=[39m 
response[33m.[39mbody[33m.[39mdata[33m.[39mcontent[33m;[39m
     [90m 173 |[39m             
expect(sanitized)[33m.[39mnot[33m.[39mtoContain([32m'onload='[39m)[33m;[39m
     [90m 174 |[39m         })[33m;[39m[0m

      at Object.<anonymous> 
(tests/security/bot-message-xss-prevention.test.ts:171:37)

  ΓùÅ Bot Message XSS Prevention ΓÇ║ 4. HTML Tag Injection Prevention ΓÇ║ should 
sanitize iframe tags

    expect(received).toBe(expected) // Object.is equality

    Expected: 201
    Received: 400

    [0m [90m 253 |[39m                 })[33m;[39m
     [90m 254 |[39m
    [31m[1m>[22m[39m[90m 255 |[39m             
expect(response[33m.[39mstatus)[33m.[39mtoBe([35m201[39m)[33m;[39m
     [90m     |[39m                                     [31m[1m^[22m[39m
     [90m 256 |[39m             [36mconst[39m sanitized [33m=[39m 
response[33m.[39mbody[33m.[39mdata[33m.[39mcontent[33m;[39m
     [90m 257 |[39m             
expect(sanitized)[33m.[39mnot[33m.[39mtoContain([32m'<iframe'[39m)[33m;[39m
     [90m 258 |[39m             expect(sanitized)[33m.[39mnot[33m.[39mtoContain
([32m'</iframe>'[39m)[33m;[39m[0m

      at Object.<anonymous> 
(tests/security/bot-message-xss-prevention.test.ts:255:37)

  ΓùÅ Bot Message XSS Prevention ΓÇ║ 4. HTML Tag Injection Prevention ΓÇ║ should 
sanitize embed tags

    expect(received).toBe(expected) // Object.is equality

    Expected: 201
    Received: 400

    [0m [90m 274 |[39m                 })[33m;[39m
     [90m 275 |[39m
    [31m[1m>[22m[39m[90m 276 |[39m             
expect(response[33m.[39mstatus)[33m.[39mtoBe([35m201[39m)[33m;[39m
     [90m     |[39m                                     [31m[1m^[22m[39m
     [90m 277 |[39m             [36mconst[39m sanitized [33m=[39m 
response[33m.[39mbody[33m.[39mdata[33m.[39mcontent[33m;[39m
     [90m 278 |[39m             
expect(sanitized)[33m.[39mnot[33m.[39mtoContain([32m'<embed'[39m)[33m;[39m
     [90m 279 |[39m         })[33m;[39m[0m

      at Object.<anonymous> 
(tests/security/bot-message-xss-prevention.test.ts:276:37)

  ΓùÅ Bot Message XSS Prevention ΓÇ║ 4. HTML Tag Injection Prevention ΓÇ║ should 
sanitize object tags

    expect(received).toBe(expected) // Object.is equality

    Expected: 201
    Received: 400

    [0m [90m 294 |[39m                 })[33m;[39m
     [90m 295 |[39m
    [31m[1m>[22m[39m[90m 296 |[39m             
expect(response[33m.[39mstatus)[33m.[39mtoBe([35m201[39m)[33m;[39m
     [90m     |[39m                                     [31m[1m^[22m[39m
     [90m 297 |[39m             [36mconst[39m sanitized [33m=[39m 
response[33m.[39mbody[33m.[39mdata[33m.[39mcontent[33m;[39m
     [90m 298 |[39m             
expect(sanitized)[33m.[39mnot[33m.[39mtoContain([32m'<object'[39m)[33m;[39m
     [90m 299 |[39m         })[33m;[39m[0m

      at Object.<anonymous> 
(tests/security/bot-message-xss-prevention.test.ts:296:37)

  ΓùÅ Bot Message XSS Prevention ΓÇ║ 8. Complex XSS Attack Vectors ΓÇ║ should 
sanitize SVG-based XSS

    expect(received).toBe(expected) // Object.is equality

    Expected: 201
    Received: 400

    [0m [90m 473 |[39m                 })[33m;[39m
     [90m 474 |[39m
    [31m[1m>[22m[39m[90m 475 |[39m             
expect(response[33m.[39mstatus)[33m.[39mtoBe([35m201[39m)[33m;[39m
     [90m     |[39m                                     [31m[1m^[22m[39m
     [90m 476 |[39m             [36mconst[39m sanitized [33m=[39m 
response[33m.[39mbody[33m.[39mdata[33m.[39mcontent[33m;[39m
     [90m 477 |[39m             
expect(sanitized)[33m.[39mnot[33m.[39mtoContain([32m'onload='[39m)[33m;[39m
     [90m 478 |[39m             
expect(sanitized)[33m.[39mnot[33m.[39mtoContain([32m'<svg'[39m)[33m;[39m[0m

      at Object.<anonymous> 
(tests/security/bot-message-xss-prevention.test.ts:475:37)

  ΓùÅ Bot Message XSS Prevention ΓÇ║ 8. Complex XSS Attack Vectors ΓÇ║ should 
sanitize meta refresh XSS

    expect(received).toBe(expected) // Object.is equality

    Expected: 201
    Received: 400

    [0m [90m 494 |[39m                 })[33m;[39m
     [90m 495 |[39m
    [31m[1m>[22m[39m[90m 496 |[39m             
expect(response[33m.[39mstatus)[33m.[39mtoBe([35m201[39m)[33m;[39m
     [90m     |[39m                                     [31m[1m^[22m[39m
     [90m 497 |[39m             [36mconst[39m sanitized [33m=[39m 
response[33m.[39mbody[33m.[39mdata[33m.[39mcontent[33m;[39m
     [90m 498 |[39m             
expect(sanitized)[33m.[39mnot[33m.[39mtoContain([32m'<meta'[39m)[33m;[39m
     [90m 499 |[39m             expect(sanitized)[33m.[39mnot[33m.[39mtoContain
([32m'javascript:'[39m)[33m;[39m[0m

      at Object.<anonymous> 
(tests/security/bot-message-xss-prevention.test.ts:496:37)

  ΓùÅ Bot Message XSS Prevention ΓÇ║ 11. Public API XSS Prevention ΓÇ║ should 
sanitize content in public bot messages endpoint

    expect(received).not.toContain(expected) // indexOf

    Expected substring: not "<script>"
    Received string:        "<script>alert(\"Public XSS\")</script>Safe message"

    [0m [90m 626 |[39m
     [90m 627 |[39m             [36mif[39m (testMessage) {
    [31m[1m>[22m[39m[90m 628 |[39m                 expect(testMessage[33m.[39
mcontent)[33m.[39mnot[33m.[39mtoContain([32m'<script>'[39m)[33m;[39m
     [90m     |[39m                                                 
[31m[1m^[22m[39m
     [90m 629 |[39m                 expect(testMessage[33m.[39mcontent)[33m.[39
mnot[33m.[39mtoContain([32m'alert'[39m)[33m;[39m
     [90m 630 |[39m             }
     [90m 631 |[39m         })[33m;[39m[0m

      at Object.<anonymous> 
(tests/security/bot-message-xss-prevention.test.ts:628:49)

Test Suites: 1 failed, 1 total
Tests:       9 failed, 21 passed, 30 total
Snapshots:   0 total
Time:        43.904 s
Ran all test suites matching bot-message-xss-prevention.test.ts.
Jest did not exit one second after the test run has completed.

'This usually means that there are asynchronous operations that weren't stopped in 
your tests. Consider running Jest with `--detectOpenHandles` to troubleshoot this 
issue.
^C
